// Vitest Snapshot v1, https://vitest.dev/guide/snapshot.html

exports[`filterViews > changeFilterContextSelection > should set selection of matching filters in provided filters context and leave the rest of its filters as is 1`] = `
{
  "description": "",
  "filters": [
    {
      "dateFilter": {
        "from": -1,
        "granularity": "GDC.time.year",
        "to": -1,
        "type": "relative",
      },
    },
    {
      "attributeFilter": {
        "attributeElements": {
          "uris": [
            "Content",
          ],
        },
        "displayForm": {
          "identifier": "campaign_channels.category",
          "type": "displayForm",
        },
        "localIdentifier": "86e90c9b864e4701affced5e55b36b9c",
        "negativeSelection": false,
        "selectionMode": "single",
      },
    },
    {
      "attributeFilter": {
        "attributeElements": {
          "uris": [
            "Midwest",
          ],
        },
        "displayForm": {
          "identifier": "region",
          "type": "displayForm",
        },
        "localIdentifier": "a01fc28d9a8244b99179d3f7320b3400",
        "negativeSelection": false,
        "selectionMode": "multi",
      },
    },
    {
      "attributeFilter": {
        "attributeElements": {
          "uris": [
            "C",
          ],
        },
        "displayForm": {
          "identifier": "negative-filter",
          "type": "displayForm",
        },
        "localIdentifier": "b01fc28d9a8244b99179d3f7320b3400",
        "negativeSelection": false,
        "selectionMode": "multi",
      },
    },
    {
      "dateFilter": {
        "dataSet": {
          "identifier": "date",
          "type": "dataSet",
        },
        "from": -1,
        "granularity": "GDC.time.year",
        "to": -1,
        "type": "relative",
      },
    },
    {
      "dateFilter": {
        "dataSet": {
          "identifier": "ignored",
          "type": "dataSet",
        },
        "from": "2023-06-10",
        "granularity": "GDC.time.date",
        "to": "2023-02-11",
        "type": "absolute",
      },
    },
    {
      "attributeFilter": {
        "attributeElements": {
          "uris": [],
        },
        "displayForm": {
          "identifier": "order_id",
          "type": "displayForm",
        },
        "localIdentifier": "87fbd090f82a4425822ecf19f4f9e123",
        "negativeSelection": true,
        "selectionMode": "multi",
      },
    },
  ],
  "identifier": "1c07035a-d48c-48f9-97ac-ca6a146a1b17",
  "ref": {
    "identifier": "1c07035a-d48c-48f9-97ac-ca6a146a1b17",
    "type": "filterContext",
  },
  "title": "filterContext",
  "uri": "https://internal-testing.staging.stg11.panther.intgdc.com/api/v1/entities/workspaces/130ee9a3d69b4508aed431773a660706/filterContexts/1c07035a-d48c-48f9-97ac-ca6a146a1b17",
}
`;
