// Vitest Snapshot v1, https://vitest.dev/guide/snapshot.html

exports[`AttributeFilterHandler > loadCustomElements() should trigger onLoadCustomElementsStart() callback > with parameters 1`] = `
[
  {
    "correlation": "start",
  },
]
`;

exports[`AttributeFilterHandler > loadCustomElements() that failed should trigger onLoadCustomElementsError() callback > with parameters 1`] = `
[
  {
    "correlation": "error",
    "error": [Error: Elements error],
  },
]
`;

exports[`AttributeFilterHandler > loadCustomElements() that was canceled by cancelCustomElementsLoad() call should trigger onLoadCustomElementsCancel() callback > with parameters 1`] = `
[
  {
    "correlation": "cancel",
  },
]
`;

exports[`AttributeFilterHandler > loadCustomElements() that was successful should trigger onLoadCustomElementsSuccess() callback > with parameters 1`] = `
[
  {
    "cacheId": undefined,
    "context": {
      "attributeFilter": {
        "positiveAttributeFilter": {
          "displayForm": {
            "identifier": "label.f_product.product.name",
            "type": "displayForm",
          },
          "in": {
            "uris": [
              "/gdc/md/referenceworkspace/obj/1054/elements?id=165678",
              "/gdc/md/referenceworkspace/obj/1054/elements?id=165847",
            ],
          },
        },
      },
      "backend": {
        "authenticate": [Function],
        "capabilities": {
          "allowsInconsistentRelations": false,
          "canCalculateGrandTotals": true,
          "canCalculateNativeTotals": true,
          "canCalculateSubTotals": true,
          "canCalculateTotals": true,
          "supportsCsvUploader": true,
          "supportsCustomColorPalettes": true,
          "supportsElementUris": true,
          "supportsElementsQueryParentFiltering": true,
          "supportsEveryoneUserGroupForAccessControl": true,
          "supportsHierarchicalWorkspaces": false,
          "supportsKpiWidget": false,
          "supportsOwners": true,
          "supportsWidgetEntity": true,
        },
        "config": {
          "attributeElementsFiltering": {
            "attributeFilters": {
              "label.f_product.product.name": [Function],
            },
            "dateFilters": {
              "dt_snapshotdate_timestamp.day": [Function],
            },
            "measures": {
              "87a053b0-3947-49f3-b0c5-de53fd01f050": [Function],
            },
          },
        },
        "currentUser": [Function],
        "dataSources": [Function],
        "deauthenticate": [Function],
        "entitlements": [Function],
        "isAuthenticated": [Function],
        "onHostname": [Function],
        "organization": [Function],
        "organizations": [Function],
        "withAuthentication": [Function],
        "withTelemetry": [Function],
        "workspace": [Function],
        "workspaces": [Function],
      },
      "displayAsLabel": undefined,
      "enableDuplicatedLabelValuesInAttributeFilter": undefined,
      "eventListener": [Function],
      "hiddenElements": undefined,
      "staticElements": undefined,
      "workspace": "testWorkspace",
    },
    "correlation": "success",
    "elements": [
      {
        "title": "CompuSci",
        "uri": "CompuSci",
      },
      {
        "title": "Educationly",
        "uri": "Educationly",
      },
      {
        "title": "Explorer",
        "uri": "Explorer",
      },
      {
        "title": "Grammar Plus",
        "uri": "Grammar Plus",
      },
      {
        "title": "PhoenixSoft",
        "uri": "PhoenixSoft",
      },
      {
        "title": "TouchAll",
        "uri": "TouchAll",
      },
      {
        "title": "WonderKid",
        "uri": "WonderKid",
      },
    ],
    "options": {},
    "totalCount": 7,
  },
]
`;
